[INFO] Scanning for projects...
[INFO] 
[INFO] ----------------------------< com.rmt:rmt >-----------------------------
[INFO] Building  0.0.1-SNAPSHOT
[INFO]   from pom.xml
[INFO] --------------------------------[ jar ]---------------------------------
[INFO] 
[INFO] >>> spring-boot:3.2.4:run (default-cli) > test-compile @ rmt >>>
[INFO] 
[INFO] --- resources:3.3.1:resources (default-resources) @ rmt ---
[INFO] Copying 3 resources from src\main\resources to target\classes
[INFO] Copying 4 resources from src\main\resources to target\classes
[INFO] 
[INFO] --- compiler:3.11.0:compile (default-compile) @ rmt ---
[INFO] Nothing to compile - all classes are up to date
[INFO] 
[INFO] --- resources:3.3.1:testResources (default-testResources) @ rmt ---
[INFO] Copying 1 resource from src\test\resources to target\test-classes
[INFO] 
[INFO] --- compiler:3.11.0:testCompile (default-testCompile) @ rmt ---
[INFO] Nothing to compile - all classes are up to date
[INFO] 
[INFO] <<< spring-boot:3.2.4:run (default-cli) < test-compile @ rmt <<<
[INFO] 
[INFO] 
[INFO] --- spring-boot:3.2.4:run (default-cli) @ rmt ---
[INFO] Attaching agents: []

  .   ____          _            __ _ _
 /\\ / ___'_ __ _ _(_)_ __  __ _ \ \ \ \
( ( )\___ | '_ | '_| | '_ \/ _` | \ \ \ \
 \\/  ___)| |_)| | | | | || (_| |  ) ) ) )
  '  |____| .__|_| |_|_| |_\__, | / / / /
 =========|_|==============|___/=/_/_/_/
 :: Spring Boot ::                (v3.2.4)

2026-04-27T09:40:11.800+05:30  INFO 126952 --- [rmt] [           main] com.rmt.RmtApplication                   : Starting RmtApplication using Java 23.0.2 with PID 126952 (C:\Users\Dell\Desktop\student3_k6_spike_stress\backend\target\classes started by Dell in C:\Users\Dell\Desktop\student3_k6_spike_stress\backend)
2026-04-27T09:40:11.802+05:30  INFO 126952 --- [rmt] [           main] com.rmt.RmtApplication                   : The following 1 profile is active: "e2e"
2026-04-27T09:40:12.594+05:30  INFO 126952 --- [rmt] [           main] .s.d.r.c.RepositoryConfigurationDelegate : Bootstrapping Spring Data JPA repositories in DEFAULT mode.
2026-04-27T09:40:12.686+05:30  INFO 126952 --- [rmt] [           main] .s.d.r.c.RepositoryConfigurationDelegate : Finished Spring Data repository scanning in 72 ms. Found 6 JPA repository interfaces.
2026-04-27T09:40:13.430+05:30  INFO 126952 --- [rmt] [           main] o.s.b.w.embedded.tomcat.TomcatWebServer  : Tomcat initialized with port 8080 (http)
2026-04-27T09:40:13.451+05:30  INFO 126952 --- [rmt] [           main] o.apache.catalina.core.StandardService   : Starting service [Tomcat]
2026-04-27T09:40:13.452+05:30  INFO 126952 --- [rmt] [           main] o.apache.catalina.core.StandardEngine    : Starting Servlet engine: [Apache Tomcat/10.1.19]
2026-04-27T09:40:13.507+05:30  INFO 126952 --- [rmt] [           main] o.a.c.c.C.[Tomcat].[localhost].[/]       : Initializing Spring embedded WebApplicationContext
2026-04-27T09:40:13.508+05:30  INFO 126952 --- [rmt] [           main] w.s.c.ServletWebServerApplicationContext : Root WebApplicationContext: initialization completed in 1644 ms
2026-04-27T09:40:13.649+05:30  INFO 126952 --- [rmt] [           main] o.hibernate.jpa.internal.util.LogHelper  : HHH000204: Processing PersistenceUnitInfo [name: default]
2026-04-27T09:40:13.695+05:30  INFO 126952 --- [rmt] [           main] org.hibernate.Version                    : HHH000412: Hibernate ORM core version 6.4.4.Final
2026-04-27T09:40:13.724+05:30  INFO 126952 --- [rmt] [           main] o.h.c.internal.RegionFactoryInitiator    : HHH000026: Second-level cache disabled
2026-04-27T09:40:13.944+05:30  INFO 126952 --- [rmt] [           main] o.s.o.j.p.SpringPersistenceUnitInfo      : No LoadTimeWeaver setup: ignoring JPA class transformer
2026-04-27T09:40:13.981+05:30  INFO 126952 --- [rmt] [           main] com.zaxxer.hikari.HikariDataSource       : HikariPool-1 - Starting...
2026-04-27T09:40:14.205+05:30  INFO 126952 --- [rmt] [           main] com.zaxxer.hikari.pool.HikariPool        : HikariPool-1 - Added connection conn0: url=jdbc:h2:mem:rmt_e2e user=SA
2026-04-27T09:40:14.207+05:30  INFO 126952 --- [rmt] [           main] com.zaxxer.hikari.HikariDataSource       : HikariPool-1 - Start completed.
2026-04-27T09:40:15.412+05:30  INFO 126952 --- [rmt] [           main] o.h.e.t.j.p.i.JtaPlatformInitiator       : HHH000489: No JTA platform available (set 'hibernate.transaction.jta.platform' to enable JTA platform integration)
2026-04-27T09:40:15.480+05:30  INFO 126952 --- [rmt] [           main] j.LocalContainerEntityManagerFactoryBean : Initialized JPA EntityManagerFactory for persistence unit 'default'
2026-04-27T09:40:16.703+05:30  INFO 126952 --- [rmt] [           main] o.s.s.web.DefaultSecurityFilterChain     : Will secure any request with [org.springframework.security.web.session.DisableEncodeUrlFilter@7bbc11ed, org.springframework.security.web.context.request.async.WebAsyncManagerIntegrationFilter@7d741200, org.springframework.security.web.context.SecurityContextHolderFilter@47596e9, org.springframework.security.web.header.HeaderWriterFilter@2f6352a3, org.springframework.web.filter.CorsFilter@36e11b60, org.springframework.security.web.authentication.logout.LogoutFilter@15ade272, com.rmt.security.JwtAuthenticationFilter@6a4d57b7, org.springframework.security.web.savedrequest.RequestCacheAwareFilter@74cad577, org.springframework.security.web.servletapi.SecurityContextHolderAwareRequestFilter@350ede1, org.springframework.security.web.authentication.AnonymousAuthenticationFilter@71d8794f, org.springframework.security.web.session.SessionManagementFilter@7325b786, org.springframework.security.web.access.ExceptionTranslationFilter@c10f7a8, org.springframework.security.web.access.intercept.AuthorizationFilter@3c1ef806]
2026-04-27T09:40:17.097+05:30  INFO 126952 --- [rmt] [           main] o.s.b.w.embedded.tomcat.TomcatWebServer  : Tomcat started on port 8080 (http) with context path ''
2026-04-27T09:40:17.105+05:30  INFO 126952 --- [rmt] [           main] com.rmt.RmtApplication                   : Started RmtApplication in 5.711 seconds (process running for 6.081)
2026-04-27T09:40:23.386+05:30  INFO 126952 --- [rmt] [nio-8080-exec-5] o.a.c.c.C.[Tomcat].[localhost].[/]       : Initializing Spring DispatcherServlet 'dispatcherServlet'
2026-04-27T09:40:23.386+05:30  INFO 126952 --- [rmt] [nio-8080-exec-5] o.s.web.servlet.DispatcherServlet        : Initializing Servlet 'dispatcherServlet'
2026-04-27T09:40:23.387+05:30  INFO 126952 --- [rmt] [nio-8080-exec-5] o.s.web.servlet.DispatcherServlet        : Completed initialization in 1 ms
2026-04-27T09:46:42.002+05:30  WARN 126952 --- [rmt] [nio-8080-exec-6] .w.s.m.s.DefaultHandlerExceptionResolver : Resolved [org.springframework.http.converter.HttpMessageNotReadableException: JSON parse error: Unexpected character ('\' (code 92)): was expecting double-quote to start field name]
